Modules list:
-------------
main.o:
    CODE              Offs=000000  Size=0002A8  Align=00001  Fill=0000
    RODATA            Offs=000000  Size=000AA5  Align=00001  Fill=0000
    BSS               Offs=000000  Size=00000D  Align=00001  Fill=0000
    DATA              Offs=000000  Size=000004  Align=00001  Fill=0000
utils.o:
    CODE              Offs=0002A8  Size=00006A  Align=00001  Fill=0000
acia.o:
    CODE              Offs=000312  Size=000048  Align=00001  Fill=0000
    ZEROPAGE          Offs=000000  Size=000001  Align=00001  Fill=0000
ym2612.o:
    CODE              Offs=00035A  Size=0000FA  Align=00001  Fill=0000
    ZEROPAGE          Offs=000001  Size=000004  Align=00001  Fill=0000
sn76489.o:
    CODE              Offs=000454  Size=000033  Align=00001  Fill=0000
    ZEROPAGE          Offs=000005  Size=000004  Align=00001  Fill=0000
interrupts.o:
    CODE              Offs=000487  Size=00000D  Align=00001  Fill=0000
vectors.o:
    VECTORS           Offs=000000  Size=000006  Align=00001  Fill=0000
..\library\p65.lib(condes.o):
    CODE              Offs=000494  Size=00000C  Align=00001  Fill=0000
    DATA              Offs=000004  Size=000025  Align=00001  Fill=0000
    ONCE              Offs=000000  Size=00000C  Align=00001  Fill=0000
..\library\p65.lib(copydata.o):
    CODE              Offs=0004A0  Size=00002D  Align=00001  Fill=0000
..\library\p65.lib(crt0.o):
    STARTUP           Offs=000000  Size=00001C  Align=00001  Fill=0000
..\library\p65.lib(icmp.o):
    CODE              Offs=0004CD  Size=00002E  Align=00001  Fill=0000
..\library\p65.lib(incsp2.o):
    CODE              Offs=0004FB  Size=000015  Align=00001  Fill=0000
..\library\p65.lib(ldaxsp.o):
    CODE              Offs=000510  Size=000009  Align=00001  Fill=0000
..\library\p65.lib(pusha.o):
    CODE              Offs=000519  Size=000016  Align=00001  Fill=0000
..\library\p65.lib(pushax.o):
    CODE              Offs=00052F  Size=00001A  Align=00001  Fill=0000
..\library\p65.lib(zerobss.o):
    CODE              Offs=000549  Size=000023  Align=00001  Fill=0000
..\library\p65.lib(zeropage.o):
    ZEROPAGE          Offs=000009  Size=00001A  Align=00001  Fill=0000


Segment list:
-------------
Name                   Start     End    Size  Align
----------------------------------------------------
ZEROPAGE              000004  000026  000023  00001
DATA                  000200  000228  000029  00001
BSS                   000229  000235  00000D  00001
STARTUP               008029  008044  00001C  00001
ONCE                  008045  008050  00000C  00001
CODE                  00D000  00D56B  00056C  00001
RODATA                00D56C  00E010  000AA5  00001
VECTORS               00FFFA  00FFFF  000006  00001


Exports list by name:
---------------------
_PlaySong                 00D00F RLA    __BSS_RUN__               000229 RLA    
__BSS_SIZE__              00000D REA    __CONSTRUCTOR_COUNT__     000000 REA    
__CONSTRUCTOR_TABLE__     008045 RLA    __DATA_LOAD__             008000 RLA    
__DATA_RUN__              000200 RLA    __DATA_SIZE__             000029 REA    
__DESTRUCTOR_COUNT__      000000 REA    __DESTRUCTOR_TABLE__      008045 RLA    
__RAM_SIZE__              007DFF REA    __RAM_START__             000200 RLA    
__STARTUP__               000001 REA    __delay2                  00D44E RLA    
_acia_getc                00D34F RLA    _acia_put_newline         00D347 RLA    
_acia_putc                00D31F RLA    _acia_puts                00D32C RLA    
_delay                    00D445 RLA    _format_bank              00D2C6 RLA    
_getBytes                 00D42A RLA    _init                     008029 RLA    
_init_read                00D425 RLA    _irq_int                  00D489 RLA    
_main                     00D1E6 RLA    _nmi_int                  00D487 RLA    
_set_bank                 00D2BD RLA    _sn_init                  00D454 RLA    
_sn_write_data            00D476 RLA    _write_to_BANK            00D2E4 RLA    
_ym_init                  00D39C RLA    _ym_setreg                00D374 RLA    
_ym_setreg_A1             00D388 RLA    copydata                  00D4A0 RLA    
donelib                   00D494 RLA    incsp2                    00D502 RLA    
initlib                   008045 RLA    ldax0sp                   00D510 RLA    
ptr1                      000015 RLZ    ptr2                      000017 RLZ    
pusha                     00D51D RLA    pushax                    00D533 RLA    
sp                        00000D RLZ    sreg                      00000F RLZ    
tmp1                      00001D RLZ    tosicmp0                  00D4CD RLA    
zerobss                   00D549 RLA    


Exports list by value:
----------------------
__CONSTRUCTOR_COUNT__     000000 REA    __DESTRUCTOR_COUNT__      000000 REA    
__STARTUP__               000001 REA    sp                        00000D RLZ    
__BSS_SIZE__              00000D REA    sreg                      00000F RLZ    
ptr1                      000015 RLZ    ptr2                      000017 RLZ    
tmp1                      00001D RLZ    __DATA_SIZE__             000029 REA    
__DATA_RUN__              000200 RLA    __RAM_START__             000200 RLA    
__BSS_RUN__               000229 RLA    __RAM_SIZE__              007DFF REA    
__DATA_LOAD__             008000 RLA    _init                     008029 RLA    
__DESTRUCTOR_TABLE__      008045 RLA    __CONSTRUCTOR_TABLE__     008045 RLA    
initlib                   008045 RLA    _PlaySong                 00D00F RLA    
_main                     00D1E6 RLA    _set_bank                 00D2BD RLA    
_format_bank              00D2C6 RLA    _write_to_BANK            00D2E4 RLA    
_acia_putc                00D31F RLA    _acia_puts                00D32C RLA    
_acia_put_newline         00D347 RLA    _acia_getc                00D34F RLA    
_ym_setreg                00D374 RLA    _ym_setreg_A1             00D388 RLA    
_ym_init                  00D39C RLA    _init_read                00D425 RLA    
_getBytes                 00D42A RLA    _delay                    00D445 RLA    
__delay2                  00D44E RLA    _sn_init                  00D454 RLA    
_sn_write_data            00D476 RLA    _nmi_int                  00D487 RLA    
_irq_int                  00D489 RLA    donelib                   00D494 RLA    
copydata                  00D4A0 RLA    tosicmp0                  00D4CD RLA    
incsp2                    00D502 RLA    ldax0sp                   00D510 RLA    
pusha                     00D51D RLA    pushax                    00D533 RLA    
zerobss                   00D549 RLA    


Imports list:
-------------
_PlaySong (main.o):
    interrupts.o              interrupts.asm(11)
__BSS_RUN__ ([linker generated]):
    zerobss.o                 common/zerobss.s(8)
__BSS_SIZE__ ([linker generated]):
    zerobss.o                 common/zerobss.s(8)
__CONSTRUCTOR_COUNT__ ([linker generated]):
    condes.o                  runtime/condes.s(18)
__CONSTRUCTOR_TABLE__ ([linker generated]):
    condes.o                  runtime/condes.s(18)
__DATA_LOAD__ ([linker generated]):
    copydata.o                common/copydata.s(8)
__DATA_RUN__ ([linker generated]):
    copydata.o                common/copydata.s(8)
__DATA_SIZE__ ([linker generated]):
    copydata.o                common/copydata.s(8)
__DESTRUCTOR_COUNT__ ([linker generated]):
    condes.o                  runtime/condes.s(19)
__DESTRUCTOR_TABLE__ ([linker generated]):
    condes.o                  runtime/condes.s(19)
__RAM_SIZE__ ([linker generated]):
    crt0.o                    .\src\crt0.s(11)
__RAM_START__ ([linker generated]):
    crt0.o                    .\src\crt0.s(11)
__STARTUP__ (crt0.o):
    main.o                    main.s(13)
__delay2 (ym2612.o):
    sn76489.o                 sn76489.asm(23)
_acia_getc (acia.o):
    utils.o                   utils.asm(85)
    main.o                    main.s(17)
_acia_put_newline (acia.o):
    main.o                    main.s(16)
_acia_putc (acia.o):
    utils.o                   utils.asm(21)
    main.o                    main.s(14)
_acia_puts (acia.o):
    main.o                    main.s(15)
_delay (ym2612.o):
    main.o                    main.s(19)
_format_bank (utils.o):
    main.o                    main.s(24)
_getBytes (ym2612.o):
    main.o                    main.s(21)
_init (crt0.o):
    vectors.o                 vectors.asm(7)
_init_read (ym2612.o):
    main.o                    main.s(20)
_irq_int (interrupts.o):
    vectors.o                 vectors.asm(9)
_main (main.o):
    crt0.o                    .\src\crt0.s(8)
_nmi_int (interrupts.o):
    vectors.o                 vectors.asm(8)
_set_bank (utils.o):
    main.o                    main.s(26)
_sn_init (sn76489.o):
    main.o                    main.s(27)
_sn_write_data (sn76489.o):
    main.o                    main.s(28)
_write_to_BANK (utils.o):
    main.o                    main.s(25)
_ym_init (ym2612.o):
    main.o                    main.s(18)
_ym_setreg (ym2612.o):
    main.o                    main.s(22)
_ym_setreg_A1 (ym2612.o):
    main.o                    main.s(23)
copydata (copydata.o):
    crt0.o                    .\src\crt0.s(13)
donelib (condes.o):
    crt0.o                    .\src\crt0.s(13)
incsp2 (incsp2.o):
    ym2612.o                  ym2612.asm(225)
    main.o                    main.s(3016)
initlib (condes.o):
    crt0.o                    .\src\crt0.s(13)
ldax0sp (ldaxsp.o):
    main.o                    main.s(3016)
ptr1 (zeropage.o):
    copydata.o                common/copydata.s(9)
    zerobss.o                 common/zerobss.s(9)
    acia.o                    acia.asm(9)
    utils.o                   utils.asm(12)
ptr2 (zeropage.o):
    copydata.o                common/copydata.s(9)
pusha (pusha.o):
    ym2612.o                  ym2612.asm(225)
    main.o                    main.s(3016)
pushax (pushax.o):
    main.o                    main.s(3016)
    main.o                    main.s(3016)
sp (zeropage.o):
    pushax.o                  runtime/pushax.s(8)
    pusha.o                   runtime/pusha.s(8)
    ldaxsp.o                  runtime/ldaxsp.s(8)
    incsp2.o                  runtime/incsp2.s(8)
    icmp.o                    runtime/icmp.s(9)
    crt0.o                    C:\cc65\asminc/zeropage.inc(11)
    ym2612.o                  ym2612.asm(11)
sreg (zeropage.o):
    icmp.o                    runtime/icmp.s(9)
tmp1 (zeropage.o):
    copydata.o                common/copydata.s(9)
tosicmp0 (icmp.o):
    main.o                    main.s(3016)
zerobss (zerobss.o):
    crt0.o                    .\src\crt0.s(13)

