Modules list:
-------------
main.o:
    CODE              Offs=000000  Size=000582  Align=00001  Fill=0000
    RODATA            Offs=000000  Size=000AA5  Align=00001  Fill=0000
    BSS               Offs=000000  Size=000010  Align=00001  Fill=0000
    DATA              Offs=000000  Size=0004F4  Align=00001  Fill=0000
utils.o:
    CODE              Offs=000582  Size=00004A  Align=00001  Fill=0000
acia.o:
    CODE              Offs=0005CC  Size=000048  Align=00001  Fill=0000
    ZEROPAGE          Offs=000000  Size=000001  Align=00001  Fill=0000
ym2612.o:
    CODE              Offs=000614  Size=000158  Align=00001  Fill=0000
    DATA              Offs=0004F4  Size=000002  Align=00001  Fill=0000
interrupts.o:
    CODE              Offs=00076C  Size=00000E  Align=00001  Fill=0000
vectors.o:
    VECTORS           Offs=000000  Size=000006  Align=00001  Fill=0000
..\library\p65.lib(condes.o):
    CODE              Offs=00077A  Size=00000C  Align=00001  Fill=0000
    DATA              Offs=0004F6  Size=000025  Align=00001  Fill=0000
    ONCE              Offs=000000  Size=00000C  Align=00001  Fill=0000
..\library\p65.lib(copydata.o):
    CODE              Offs=000786  Size=00002D  Align=00001  Fill=0000
..\library\p65.lib(crt0.o):
    STARTUP           Offs=000000  Size=00001C  Align=00001  Fill=0000
..\library\p65.lib(icmp.o):
    CODE              Offs=0007B3  Size=00002E  Align=00001  Fill=0000
..\library\p65.lib(incsp2.o):
    CODE              Offs=0007E1  Size=000015  Align=00001  Fill=0000
..\library\p65.lib(ldaxsp.o):
    CODE              Offs=0007F6  Size=000009  Align=00001  Fill=0000
..\library\p65.lib(pusha.o):
    CODE              Offs=0007FF  Size=000016  Align=00001  Fill=0000
..\library\p65.lib(pushax.o):
    CODE              Offs=000815  Size=00001A  Align=00001  Fill=0000
..\library\p65.lib(zerobss.o):
    CODE              Offs=00082F  Size=000023  Align=00001  Fill=0000
..\library\p65.lib(zeropage.o):
    ZEROPAGE          Offs=000001  Size=00001A  Align=00001  Fill=0000


Segment list:
-------------
Name                   Start     End    Size  Align
----------------------------------------------------
ZEROPAGE              000000  00001A  00001B  00001
DATA                  000200  00071A  00051B  00001
BSS                   00071B  00072A  000010  00001
STARTUP               00651B  006536  00001C  00001
ONCE                  006537  006542  00000C  00001
CODE                  006543  006D94  000852  00001
RODATA                006D95  007839  000AA5  00001
VECTORS               007FFA  007FFF  000006  00001


Exports list by name:
---------------------
__BSS_RUN__               00071B RLA    __BSS_SIZE__              000010 REA    
__CONSTRUCTOR_COUNT__     000000 REA    __CONSTRUCTOR_TABLE__     006537 RLA    
__DATA_LOAD__             006000 RLA    __DATA_RUN__              000200 RLA    
__DATA_SIZE__             00051B REA    __DESTRUCTOR_COUNT__      000000 REA    
__DESTRUCTOR_TABLE__      006537 RLA    __RAM_SIZE__              005DFF REA    
__RAM_START__             000200 RLA    __STARTUP__               000001 REA    
_acia_getc                006B4C RLA    _acia_put_newline         006B44 RLA    
_acia_putc                006B1C RLA    _acia_puts                006B29 RLA    
_delay                    006CA3 RLA    _format_bank              006AC9 RLA    
_getByte                  006C59 RLA    _init                     00651B RLA    
_irq_int                  006CB1 RLA    _main                     006A0C RLA    
_nmi_int                  006CAF RLA    _play_song_from_bank      006B57 RLA    
_set_bank                 006AC5 RLA    _song_posi                0006F0 RLA    
_switch_bank              006B0B RLA    _write_to_BANK            006AE7 RLA    
_ym_init                  006B9F RLA    _ym_setreg                006B77 RLA    
_ym_setreg_A1             006B8B RLA    copydata                  006CC9 RLA    
donelib                   006CBD RLA    incsp2                    006D2B RLA    
initlib                   006537 RLA    ldax0sp                   006D39 RLA    
ptr1                      000009 RLZ    ptr2                      00000B RLZ    
pusha                     006D46 RLA    pusha0                    006D5A RLA    
pushax                    006D5C RLA    sp                        000001 RLZ    
sreg                      000003 RLZ    tmp1                      000011 RLZ    
tosicmp                   006CF8 RLA    zerobss                   006D72 RLA    



Exports list by value:
----------------------
__DESTRUCTOR_COUNT__      000000 REA    __CONSTRUCTOR_COUNT__     000000 REA    
sp                        000001 RLZ    __STARTUP__               000001 REA    
sreg                      000003 RLZ    ptr1                      000009 RLZ    
ptr2                      00000B RLZ    __BSS_SIZE__              000010 REA    
tmp1                      000011 RLZ    __DATA_RUN__              000200 RLA    
__RAM_START__             000200 RLA    __DATA_SIZE__             00051B REA    
_song_posi                0006F0 RLA    __BSS_RUN__               00071B RLA    
__RAM_SIZE__              005DFF REA    __DATA_LOAD__             006000 RLA    
_init                     00651B RLA    initlib                   006537 RLA    
__CONSTRUCTOR_TABLE__     006537 RLA    __DESTRUCTOR_TABLE__      006537 RLA    
_main                     006A0C RLA    _set_bank                 006AC5 RLA    
_format_bank              006AC9 RLA    _write_to_BANK            006AE7 RLA    
_switch_bank              006B0B RLA    _acia_putc                006B1C RLA    
_acia_puts                006B29 RLA    _acia_put_newline         006B44 RLA    
_acia_getc                006B4C RLA    _play_song_from_bank      006B57 RLA    
_ym_setreg                006B77 RLA    _ym_setreg_A1             006B8B RLA    
_ym_init                  006B9F RLA    _getByte                  006C59 RLA    
_delay                    006CA3 RLA    _nmi_int                  006CAF RLA    
_irq_int                  006CB1 RLA    donelib                   006CBD RLA    
copydata                  006CC9 RLA    tosicmp                   006CF8 RLA    
incsp2                    006D2B RLA    ldax0sp                   006D39 RLA    
pusha                     006D46 RLA    pusha0                    006D5A RLA    
pushax                    006D5C RLA    zerobss                   006D72 RLA    



Imports list:
-------------
__BSS_RUN__ ([linker generated]):
    zerobss.o                 common/zerobss.s(8)
__BSS_SIZE__ ([linker generated]):
    zerobss.o                 common/zerobss.s(8)
__CONSTRUCTOR_COUNT__ ([linker generated]):
    condes.o                  runtime/condes.s(18)
__CONSTRUCTOR_TABLE__ ([linker generated]):
    condes.o                  runtime/condes.s(18)
__DATA_LOAD__ ([linker generated]):
    copydata.o                common/copydata.s(8)
__DATA_RUN__ ([linker generated]):
    copydata.o                common/copydata.s(8)
__DATA_SIZE__ ([linker generated]):
    copydata.o                common/copydata.s(8)
__DESTRUCTOR_COUNT__ ([linker generated]):
    condes.o                  runtime/condes.s(19)
__DESTRUCTOR_TABLE__ ([linker generated]):
    condes.o                  runtime/condes.s(19)
__RAM_SIZE__ ([linker generated]):
    crt0.o                    .\src\crt0.s(11)
__RAM_START__ ([linker generated]):
    crt0.o                    .\src\crt0.s(11)
__STARTUP__ (crt0.o):
    main.o                    main.s(13)
_acia_getc (acia.o):
    utils.o                   utils.asm(69)
    main.o                    main.s(17)
_acia_put_newline (acia.o):
    main.o                    main.s(16)
_acia_putc (acia.o):
    interrupts.o              interrupts.asm(11)
    main.o                    main.s(14)
_acia_puts (acia.o):
    main.o                    main.s(15)
_delay (ym2612.o):
    main.o                    main.s(19)
_format_bank (utils.o):
    main.o                    main.s(24)
_getByte (ym2612.o):
    main.o                    main.s(20)
_init (crt0.o):
    vectors.o                 vectors.asm(7)
_irq_int (interrupts.o):
    vectors.o                 vectors.asm(9)
_main (main.o):
    crt0.o                    .\src\crt0.s(8)
_nmi_int (interrupts.o):
    vectors.o                 vectors.asm(8)
_play_song_from_bank (ym2612.o):
    main.o                    main.s(23)
_set_bank (utils.o):
    main.o                    main.s(27)
_song_posi (main.o):
    ym2612.o                  ym2612.asm(244)
_switch_bank (utils.o):
    ym2612.o                  ym2612.asm(244)
    ym2612.o                  ym2612.asm(244)
    main.o                    main.s(26)
_write_to_BANK (utils.o):
    main.o                    main.s(25)
_ym_init (ym2612.o):
    main.o                    main.s(18)
_ym_setreg (ym2612.o):
    main.o                    main.s(21)
_ym_setreg_A1 (ym2612.o):
    main.o                    main.s(22)
copydata (copydata.o):
    crt0.o                    .\src\crt0.s(13)
donelib (condes.o):
    crt0.o                    .\src\crt0.s(13)
incsp2 (incsp2.o):
    ym2612.o                  ym2612.asm(244)
    main.o                    main.s(4563)
    main.o                    main.s(4563)
    main.o                    main.s(4563)
initlib (condes.o):
    crt0.o                    .\src\crt0.s(13)
ldax0sp (ldaxsp.o):
    ym2612.o                  ym2612.asm(244)
    main.o                    main.s(4563)
    main.o                    main.s(4563)
    main.o                    main.s(4563)
ptr1 (zeropage.o):
    copydata.o                common/copydata.s(9)
    zerobss.o                 common/zerobss.s(9)
    ym2612.o                  ym2612.asm(11)
    acia.o                    acia.asm(9)
    utils.o                   utils.asm(12)
    main.o                    main.s(11)
ptr2 (zeropage.o):
    copydata.o                common/copydata.s(9)
pusha (pusha.o):
    ym2612.o                  ym2612.asm(244)
    main.o                    main.s(4563)
pusha0 (pushax.o):
    main.o                    main.s(4563)
pushax (pushax.o):
    ym2612.o                  ym2612.asm(244)
    main.o                    main.s(4563)
    main.o                    main.s(4563)
    main.o                    main.s(4563)
sp (zeropage.o):
    pushax.o                  runtime/pushax.s(8)
    pusha.o                   runtime/pusha.s(8)
    ldaxsp.o                  runtime/ldaxsp.s(8)
    incsp2.o                  runtime/incsp2.s(8)
    icmp.o                    runtime/icmp.s(9)
    crt0.o                    C:\cc65\asminc/zeropage.inc(11)
    ym2612.o                  ym2612.asm(10)
sreg (zeropage.o):
    icmp.o                    runtime/icmp.s(9)
tmp1 (zeropage.o):
    copydata.o                common/copydata.s(9)
tosicmp (icmp.o):
    main.o                    main.s(4563)
zerobss (zerobss.o):
    crt0.o                    .\src\crt0.s(13)

